
  .   ____          _            __ _ _
 /\\ / ___'_ __ _ _(_)_ __  __ _ \ \ \ \
( ( )\___ | '_ | '_| | '_ \/ _` | \ \ \ \
 \\/  ___)| |_)| | | | | || (_| |  ) ) ) )
  '  |____| .__|_| |_|_| |_\__, | / / / /
 =========|_|==============|___/=/_/_/_/

 :: Spring Boot ::                (v4.1.1)

2026-08-21T09:18:03.494Z  INFO 31169 --- [employee-management] [           main] c.e.e.EmployeeManagementApplication      : Starting EmployeeManagementApplication v0.0.1-SNAPSHOT using Java 21.0.11 with PID 31169 (/home/ubuntu/EMPLOYEE-MANAGEMENT-CI-CD/target/employee-management-0.0.1-SNAPSHOT.jar started by ubuntu in /home/ubuntu/EMPLOYEE-MANAGEMENT-CI-CD)
2026-08-21T09:18:03.510Z  INFO 31169 --- [employee-management] [           main] c.e.e.EmployeeManagementApplication      : No active profile set, falling back to 1 default profile: "default"
2026-08-21T09:18:04.644Z  INFO 31169 --- [employee-management] [           main] .s.d.r.c.RepositoryConfigurationDelegate : Bootstrapping Spring Data JPA repositories in DEFAULT mode.
2026-08-21T09:18:04.703Z  INFO 31169 --- [employee-management] [           main] .s.d.r.c.RepositoryConfigurationDelegate : Finished Spring Data repository scanning in 42 ms. Found 1 JPA repository interface.
2026-08-21T09:18:05.363Z  INFO 31169 --- [employee-management] [           main] o.s.boot.tomcat.TomcatWebServer          : Tomcat initialized with port 8080 (http)
2026-08-21T09:18:05.384Z  INFO 31169 --- [employee-management] [           main] o.apache.catalina.core.StandardService   : Starting service [Tomcat]
2026-08-21T09:18:05.385Z  INFO 31169 --- [employee-management] [           main] o.apache.catalina.core.StandardEngine    : Starting Servlet engine: [Apache Tomcat/11.0.24]
2026-08-21T09:18:05.418Z  INFO 31169 --- [employee-management] [           main] b.w.c.s.WebApplicationContextInitializer : Root WebApplicationContext: initialization completed in 1794 ms
2026-08-21T09:18:05.661Z  INFO 31169 --- [employee-management] [           main] org.hibernate.orm.jpa                    : HHH008540: Processing PersistenceUnitInfo [name: default]
2026-08-21T09:18:05.716Z  INFO 31169 --- [employee-management] [           main] org.hibernate.orm.core                   : HHH000001: Hibernate ORM core version 7.4.5.Final
2026-08-21T09:18:06.247Z  INFO 31169 --- [employee-management] [           main] o.s.o.j.p.SpringPersistenceUnitInfo      : No LoadTimeWeaver setup: ignoring JPA class transformer
2026-08-21T09:18:06.279Z  INFO 31169 --- [employee-management] [           main] com.zaxxer.hikari.HikariDataSource       : HikariPool-1 - Starting...
2026-08-21T09:18:06.750Z  INFO 31169 --- [employee-management] [           main] com.zaxxer.hikari.pool.HikariPool        : HikariPool-1 - Added connection org.postgresql.jdbc.PgConnection@459d2ee6
2026-08-21T09:18:06.751Z  INFO 31169 --- [employee-management] [           main] com.zaxxer.hikari.HikariDataSource       : HikariPool-1 - Start completed.
2026-08-21T09:18:06.824Z  INFO 31169 --- [employee-management] [           main] org.hibernate.orm.connections.pooling    : HHH10001005: Database info:
	Database JDBC URL [jdbc:postgresql://localhost:5432/employee_db]
	Database driver: PostgreSQL JDBC Driver
	Database dialect: PostgreSQLDialect
	Database version: 18.6
	Default catalog/schema: employee_db/public
	Autocommit mode: undefined/unknown
	Isolation level: READ_COMMITTED [default READ_COMMITTED]
	JDBC fetch size: none
	Pool: DataSourceConnectionProvider
	Minimum pool size: undefined/unknown
	Maximum pool size: undefined/unknown
2026-08-21T09:18:07.987Z  INFO 31169 --- [employee-management] [           main] org.hibernate.orm.core                   : HHH000489: No JTA platform available (set 'hibernate.transaction.jta.platform' to enable JTA platform integration)
2026-08-21T09:18:08.047Z  INFO 31169 --- [employee-management] [           main] j.LocalContainerEntityManagerFactoryBean : Initialized JPA EntityManagerFactory for persistence unit 'default'
2026-08-21T09:18:08.130Z  INFO 31169 --- [employee-management] [           main] o.s.d.j.r.query.QueryEnhancerFactories   : Hibernate is in classpath; If applicable, HQL parser will be used.
2026-08-21T09:18:08.264Z  WARN 31169 --- [employee-management] [           main] JpaBaseConfiguration$JpaWebConfiguration : spring.jpa.open-in-view is enabled by default. Therefore, database queries may be performed during view rendering. Explicitly configure spring.jpa.open-in-view to disable this warning
2026-08-21T09:18:08.688Z  INFO 31169 --- [employee-management] [           main] o.s.boot.tomcat.TomcatWebServer          : Tomcat started on port 8080 (http) with context path '/'
2026-08-21T09:18:08.703Z  INFO 31169 --- [employee-management] [           main] c.e.e.EmployeeManagementApplication      : Started EmployeeManagementApplication in 5.915 seconds (process running for 6.627)
2026-08-21T09:18:17.902Z  INFO 31169 --- [employee-management] [nio-8080-exec-1] o.a.c.c.C.[Tomcat].[localhost].[/]       : Initializing Spring DispatcherServlet 'dispatcherServlet'
2026-08-21T09:18:17.903Z  INFO 31169 --- [employee-management] [nio-8080-exec-1] o.s.web.servlet.DispatcherServlet        : Initializing Servlet 'dispatcherServlet'
2026-08-21T09:18:17.905Z  INFO 31169 --- [employee-management] [nio-8080-exec-1] o.s.web.servlet.DispatcherServlet        : Completed initialization in 2 ms
Hibernate: 
    select
        e1_0.id,
        e1_0.department,
        e1_0.email,
        e1_0.name,
        e1_0.salary 
    from
        employees e1_0
Hibernate: 
    insert 
    into
        employees
        (department, email, name, salary) 
    values
        (?, ?, ?, ?)
Hibernate: 
    select
        e1_0.id,
        e1_0.department,
        e1_0.email,
        e1_0.name,
        e1_0.salary 
    from
        employees e1_0 
    where
        e1_0.id=?
Hibernate: 
    update
        employees 
    set
        department=?,
        email=?,
        name=?,
        salary=? 
    where
        id=?
Hibernate: 
    select
        e1_0.id,
        e1_0.department,
        e1_0.email,
        e1_0.name,
        e1_0.salary 
    from
        employees e1_0
Hibernate: 
    select
        e1_0.id,
        e1_0.department,
        e1_0.email,
        e1_0.name,
        e1_0.salary 
    from
        employees e1_0 
    where
        e1_0.id=?
Hibernate: 
    update
        employees 
    set
        department=?,
        email=?,
        name=?,
        salary=? 
    where
        id=?
Hibernate: 
    select
        e1_0.id,
        e1_0.department,
        e1_0.email,
        e1_0.name,
        e1_0.salary 
    from
        employees e1_0
Hibernate: 
    select
        e1_0.id,
        e1_0.department,
        e1_0.email,
        e1_0.name,
        e1_0.salary 
    from
        employees e1_0
2026-08-21T09:29:43.986Z  INFO 31169 --- [employee-management] [ionShutdownHook] o.s.boot.tomcat.GracefulShutdown         : Commencing graceful shutdown. Waiting for active requests to complete
2026-08-21T09:29:43.990Z  INFO 31169 --- [employee-management] [tomcat-shutdown] o.s.boot.tomcat.GracefulShutdown         : Graceful shutdown complete
2026-08-21T09:29:43.994Z  INFO 31169 --- [employee-management] [ionShutdownHook] j.LocalContainerEntityManagerFactoryBean : Closing JPA EntityManagerFactory for persistence unit 'default'
2026-08-21T09:29:43.997Z  INFO 31169 --- [employee-management] [ionShutdownHook] com.zaxxer.hikari.HikariDataSource       : HikariPool-1 - Shutdown initiated...
2026-08-21T09:29:44.014Z  INFO 31169 --- [employee-management] [ionShutdownHook] com.zaxxer.hikari.HikariDataSource       : HikariPool-1 - Shutdown completed.
